// Jest Snapshot v1, https://goo.gl/fbAQLP

exports[`CheckData matches snapshot 1`] = `
<DocumentFragment>
  <div
    class="CheckData__content margin-4 grid-container"
  >
    <div>
      <button
        class="usa-button usa-button--unstyled margin-bottom-2 text-bold"
        type="button"
      >
        <span
          class="oec-text-with-icon"
        >
          <svg
            class="oec-text-with-icon__icon oec-text-with-icon__icon--direction-left oec-text-with-icon__icon--side-left"
          >
            arrowRight.svg
          </svg>
          Back
        </span>
      </button>
      <h1>
        Check data for 1 child
      </h1>
      <p>
        Make sure all of your data was uploaded correctly. 
      </p>
      <p>
        If everything looks good, submit to OEC.
      </p>
      <a
        href="/create-record"
      >
        Add a record
      </a>
      <div
        class="scrollbar-container ps"
      >
        <table
          class="oec-table"
          id="enrollment-report-table"
        >
          <thead>
            <tr>
              <th
                aria-sort="none"
                class="oec-table__column-header oec-sortable oec-unsorted text-pre text-center font-body-2xs"
                role="columnheader"
                scope="col"
              >
                <button
                  aria-label="Sort table by Name in ascending order"
                  class="oec-table__column-title usa-button--unstyled width-full"
                >
                  Name
                  <div
                    class="oec-table__sort-controls"
                  />
                </button>
              </th>
              <th
                aria-sort="none"
                class="oec-table__column-header oec-unsorted text-pre text-center font-body-2xs"
                role="columnheader"
                scope="col"
              >
                <span
                  class="oec-table__column-title"
                >
                  Birth Date
                </span>
              </th>
              <th
                aria-sort="none"
                class="oec-table__column-header oec-unsorted text-pre text-center font-body-2xs"
                role="columnheader"
                scope="col"
              >
                <span
                  class="oec-table__column-title"
                >
                  Age group
                </span>
              </th>
              <th
                aria-sort="none"
                class="oec-table__column-header oec-unsorted text-pre text-center font-body-2xs"
                role="columnheader"
                scope="col"
              >
                <span
                  class="oec-table__column-title"
                >
                  Funding type
                </span>
              </th>
              <th
                aria-sort="none"
                class="oec-table__column-header oec-unsorted text-pre text-center font-body-2xs"
                role="columnheader"
                scope="col"
              >
                <span
                  class="oec-table__column-title"
                >
                  Contract space
                </span>
              </th>
              <th
                aria-sort="none"
                class="oec-table__column-header oec-unsorted text-pre text-center font-body-2xs"
                role="columnheader"
                scope="col"
              >
                <span
                  class="oec-table__column-title"
                >
                  Site
                </span>
              </th>
              <th
                aria-sort="none"
                class="oec-table__column-header oec-unsorted text-pre text-center font-body-2xs"
                role="columnheader"
                scope="col"
              >
                <span
                  class="oec-table__column-title"
                >
                  Enrollment date
                </span>
              </th>
            </tr>
          </thead>
          <tbody>
            <tr>
              <th
                class="font-body-2xs"
                scope="row"
              >
                <a
                  href="/edit-record/00000000-0000-0000-0000-0000000000000"
                >
                  <button
                    class="usa-button usa-button--unstyled text-no-wrap font-body-2xs"
                    type="button"
                  >
                    First Last
                  </button>
                </a>
              </th>
              <td
                class="font-body-2xs"
              />
              <td
                class="font-body-2xs"
              />
              <td
                class="font-body-2xs"
              >
                CDC - Child Day Care
              </td>
              <td
                class="font-body-2xs"
              />
              <td
                class="font-body-2xs"
              >
                Site
              </td>
              <td
                class="font-body-2xs"
              />
            </tr>
          </tbody>
        </table>
        <div
          class="ps__rail-x"
          style="left: 0px; top: 0px;"
        >
          <div
            class="ps__thumb-x"
            style="left: 0px; width: 0px;"
            tabindex="0"
          />
        </div>
        <div
          class="ps__rail-y"
          style="top: 0px; left: 0px;"
        >
          <div
            class="ps__thumb-y"
            style="top: 0px; height: 0px;"
            tabindex="0"
          />
        </div>
      </div>
    </div>
  </div>
  <div
    class="fixed-bottom-bar"
  >
    <div
      class="shadow-box"
    >
      <div
        class="grid-container"
      >
        <a
          class="usa-button usa-button--outline"
          href="/upload"
        >
          Back to upload
        </a>
        <a
          class="usa-button"
          href="/success/1"
        >
          Send to OEC
        </a>
      </div>
    </div>
  </div>
</DocumentFragment>
`;
