// Jest Snapshot v1, https://goo.gl/fbAQLP

exports[`Home snapshot matches post-submit user 1`] = `
<DocumentFragment>
  <div
    class="grid-container margin-top-4"
  >
    <h1>
      Your data is complete!
    </h1>
    <div
      class="grid-row grid-gap"
    >
      <div
        class="tablet:grid-col-10"
      >
        <h2>
          Mort School For Dark-Inclined Wizards
        </h2>
        <p
          class="font-body-lg text-base-darker"
        >
          undefined active enrollments across 3 sites
        </p>
        <div
          class="display-inline-block"
        >
          <a
            class="usa-button"
            href="/create-record"
          >
            <span
              class="oec-text-with-icon"
            >
              Add a record
            </span>
          </a>
        </div>
      </div>
      <div
        class="margin-top-4 tablet:grid-col-2"
      >
        <a
          href="/roster"
        >
          <span
            class="oec-text-with-icon"
          >
            View roster
          </span>
        </a>
      </div>
    </div>
    <div
      class="margin-top-4 margin-bottom-4"
    >
      <hr
        class="MuiDivider-root"
      />
    </div>
    <h2>
      Updates and tasks
    </h2>
    <div
      class="grid-row"
    >
      <div
        class="oec-card"
      >
        <div
          class="oec-card-cell"
        >
          <div
            class="grid-container padding-0"
          >
            <span
              class="grid-row font-body-lg text-bold"
            >
              <div
                class="text-center"
              >
                <span
                  class="oec-inline-icon oec-inline-icon--complete"
                >
                  <span
                    class="usa-sr-only"
                  >
                    (complete)
                  </span>
                </span>
              </div>
              Thank you for completing your July to December 2020 data collection!
            </span>
            <p
              class="grid-row"
            >
              OEC appreciates all that you do to improve the lives of children and families.
            </p>
            <h3
              class="grid-row"
            >
              What's next?
            </h3>
            <span
              class="grid-row margin-bottom-1em"
            >
              Keep your roster updated with new enrollments and withdrawals, and with age group, site, and funding changes.
            </span>
            <span
              class="grid-row"
            >
              We're working on a feature to allow updating from excel files. Until then, you can make any needed changes directly in your ECE Reporter roster.
            </span>
          </div>
        </div>
        <div
          class=""
        />
      </div>
    </div>
    <div
      class="margin-top-4 margin-bottom-4"
    >
      <hr
        class="MuiDivider-root"
      />
    </div>
    <h2>
      Sites
    </h2>
  </div>
</DocumentFragment>
`;

exports[`Home snapshot matches pre-submit user 1`] = `
<DocumentFragment>
  <div
    class="grid-container margin-top-4"
  >
    <h1>
      Your data is complete!
    </h1>
    <div
      class="grid-row grid-gap"
    >
      <div
        class="tablet:grid-col-10"
      >
        <h2>
          Mort School For Dark-Inclined Wizards
        </h2>
        <p
          class="font-body-lg text-base-darker"
        >
          undefined active enrollments across 3 sites
        </p>
        <div
          class="display-inline-block"
        >
          <a
            class="usa-button"
            href="/create-record"
          >
            <span
              class="oec-text-with-icon"
            >
              Add a record
            </span>
          </a>
        </div>
      </div>
      <div
        class="margin-top-4 tablet:grid-col-2"
      >
        <a
          href="/roster"
        >
          <span
            class="oec-text-with-icon"
          >
            View roster
          </span>
        </a>
      </div>
    </div>
    <div
      class="margin-top-4 margin-bottom-4"
    >
      <hr
        class="MuiDivider-root"
      />
    </div>
    <h2>
      Updates and tasks
    </h2>
    <div
      class="grid-row"
    >
      <div
        class="oec-card"
      >
        <div
          class="oec-card-cell"
        >
          <div
            class="grid-container padding-0"
          >
            <span
              class="grid-row font-body-lg text-bold"
            >
              <div
                class="text-center"
              >
                <span
                  class="oec-inline-icon oec-inline-icon--complete"
                >
                  <span
                    class="usa-sr-only"
                  >
                    (complete)
                  </span>
                </span>
              </div>
              Thank you for completing your July to December 2020 data collection!
            </span>
            <p
              class="grid-row"
            >
              OEC appreciates all that you do to improve the lives of children and families.
            </p>
            <h3
              class="grid-row"
            >
              What's next?
            </h3>
            <span
              class="grid-row margin-bottom-1em"
            >
              Keep your roster updated with new enrollments and withdrawals, and with age group, site, and funding changes.
            </span>
            <span
              class="grid-row"
            >
              We're working on a feature to allow updating from excel files. Until then, you can make any needed changes directly in your ECE Reporter roster.
            </span>
          </div>
        </div>
        <div
          class=""
        />
      </div>
    </div>
    <div
      class="margin-top-4 margin-bottom-4"
    >
      <hr
        class="MuiDivider-root"
      />
    </div>
    <h2>
      Sites
    </h2>
  </div>
</DocumentFragment>
`;
