// Jest Snapshot v1, https://goo.gl/fbAQLP

exports[`EditRecord DeleteRecord matches snapshot 1`] = `
<div
  class="ReactModal__Content ReactModal__Content--after-open"
  role="dialog"
  style="position: absolute; top: 50%; left: 50%; right: 40px; border: 1px solid #ccc; background: rgb(255, 255, 255); overflow: auto; border-radius: 4px; outline: none; padding: 20px; transform: translate(-50%, -50%);"
  tabindex="-1"
>
  <div
    class="grid-row display-flex flex-justify flex-align-center"
  >
    <h2>
      Delete enrollment for 
      First Last
      ?
    </h2>
    <div
      class="oec-modal-close"
    >
      <button
        class="usa-button usa-button--unstyled"
        type="button"
      >
        <div
          class="display-flex flex-column flex-align-center"
        >
          <p
            class="margin-y-05"
          >
            close
          </p>
        </div>
      </button>
    </div>
  </div>
  <div
    class=""
  >
    <div
      class="grid-row"
    >
      <span>
        Deleting an enrollment record will permanently remove all of its data
      </span>
    </div>
    <div
      class="margin-top-4"
    >
      <div
        class="grid-row flex-first-baseline space-between-4"
      >
        <button
          class="usa-button usa-button--outline"
          type="button"
        >
          No, cancel
        </button>
        <button
          class="usa-button"
          type="button"
        >
          Yes, delete record
        </button>
      </div>
    </div>
  </div>
</div>
`;
