// Jest Snapshot v1, https://goo.gl/fbAQLP

exports[`EditRecord DeleteRecord matches snapshot 1`] = `
<div
  aria-modal="true"
  class="ReactModal__Content ReactModal__Content--after-open"
  role="dialog"
  style="position: absolute; top: 50%; left: 50%; right: 40px; border: 1px solid #ccc; background: rgb(255, 255, 255); overflow: auto; border-radius: 4px; outline: none; padding: 20px; transform: translate(-50%, -50%); max-height: 100%; overflow-y: scroll;"
  tabindex="-1"
>
  <div
    class="grid-row display-flex flex-justify flex-align-center"
  >
    <h2>
      Delete enrollment for First Last?
    </h2>
    <div
      class="oec-modal-close"
    >
      <button
        class="usa-button usa-button--unstyled"
        type="button"
      >
        <div
          class="display-flex flex-column flex-align-center"
        >
          <svg
            class="height-3 text-base-darker"
            data-icon="times"
            data-prefix="fas"
            fill="currentColor"
            viewBox="0 0 352 512"
            xmlns="http://www.w3.org/2000/svg"
          >
            <path
              d="M242.72 256l100.07-100.07c12.28-12.28 12.28-32.19 0-44.48l-22.24-22.24c-12.28-12.28-32.19-12.28-44.48 0L176 189.28 75.93 89.21c-12.28-12.28-32.19-12.28-44.48 0L9.21 111.45c-12.28 12.28-12.28 32.19 0 44.48L109.28 256 9.21 356.07c-12.28 12.28-12.28 32.19 0 44.48l22.24 22.24c12.28 12.28 32.2 12.28 44.48 0L176 322.72l100.07 100.07c12.28 12.28 32.2 12.28 44.48 0l22.24-22.24c12.28-12.28 12.28-32.19 0-44.48L242.72 256z"
            />
          </svg>
          <p
            class="margin-y-05"
          >
            close
          </p>
        </div>
      </button>
    </div>
  </div>
  <div
    class=""
  >
    <div
      class="grid-row"
    >
      <span>
        Deleting an enrollment record will permanently remove all of its data
      </span>
    </div>
    <div
      class="margin-top-4"
    >
      <div
        class="grid-row flex-first-baseline space-between-4"
      >
        <button
          class="usa-button usa-button--outline"
          type="button"
        >
          No, cancel
        </button>
        <button
          class="usa-button"
          type="button"
        >
          Yes, delete record
        </button>
      </div>
    </div>
  </div>
</div>
`;
