// Jest Snapshot v1, https://goo.gl/fbAQLP

exports[`App matches snapshot 1`] = `
<DocumentFragment>
  <div
    class="App"
  >
    <a
      class="usa-skipnav"
      href="#main-content"
    >
      Skip to main content
    </a>
    <div
      class=""
    >
      <div
        class="usa-overlay"
        data-testid="overlay"
      />
      <header
        class="usa-header usa-header--extended usa-header--oec-default"
        role="banner"
      >
        <div
          class="usa-navbar"
        >
          <div
            class="usa-logo"
            id="extended-logo"
          >
            <a
              aria-label="ECE Reporter home"
              href="/"
            >
              <div
                class="usa-logo__text display-flex flex-align-center"
              >
                <div>
                  <div
                    class="primary-title primary-title--only"
                  >
                    ECE Reporter
                  </div>
                </div>
              </div>
            </a>
          </div>
          <button
            class="usa-menu-btn"
          >
            Menu
          </button>
        </div>
        <nav
          aria-label="Primary navigation"
          class="usa-nav"
        >
          <div
            class="usa-nav__inner"
          >
            <button
              class="usa-nav__close"
            >
              <img
                alt="close"
              />
            </button>
            <ul
              class="usa-nav__primary usa-accordion"
            />
            <div
              class="usa-nav__secondary usa-nav__secondary--extended"
            >
              <ul
                class="usa-nav__secondary-links"
              />
            </div>
          </div>
        </nav>
      </header>
    </div>
    <main
      id="main-content"
    >
      <div
        class="oec-loading-wrapper"
      >
        <div
          aria-atomic="true"
          aria-labelledby="loading-id-1"
          aria-live="assertive"
          class="bx--loading"
        >
          <label
            class="bx--visually-hidden"
            id="loading-id-1"
          >
            Active loading indicator
          </label>
          <svg
            class="bx--loading__svg"
            viewBox="0 0 100 100"
          >
            <title>
              Active loading indicator
            </title>
            <circle
              class="bx--loading__stroke"
              cx="50%"
              cy="50%"
              r="44"
            />
          </svg>
        </div>
      </div>
    </main>
  </div>
</DocumentFragment>
`;
