// Jest Snapshot v1, https://goo.gl/fbAQLP

exports[`App matches snapshot 1`] = `
<DocumentFragment>
  <div
    class="App"
  >
    <a
      class="usa-skipnav"
      href="#main-content"
    >
      Skip to main content
    </a>
    <div
      class=""
    >
      <div
        class="usa-overlay"
        data-testid="overlay"
      />
      <header
        class="usa-header usa-header--extended usa-header--oec-default"
        role="banner"
      >
        <div
          class="usa-navbar"
        >
          <div
            class="usa-logo"
            id="extended-logo"
          >
            <a
              aria-label="ECE Reporter home"
              href="/"
            >
              <div
                class="usa-logo__text display-flex flex-align-center"
              >
                <div>
                  <div
                    class="primary-title primary-title--only"
                  >
                    ECE Reporter
                  </div>
                </div>
              </div>
            </a>
          </div>
          <button
            class="usa-menu-btn"
          >
            Menu
          </button>
        </div>
        <nav
          aria-label="Primary navigation"
          class="usa-nav"
        >
          <div
            class="usa-nav__inner"
          >
            <button
              class="usa-nav__close"
            >
              <img
                alt="close"
              />
            </button>
            <div
              class="usa-nav__secondary usa-nav__secondary--extended"
            >
              <div
                class="usa-nav__secondary-links"
              >
                <nav
                  class="bx--header__nav"
                >
                  <ul
                    class="bx--header__menu-bar"
                  >
                    <li>
                      <a
                        class="bx--header__menu-item"
                        href="/roster"
                        tabindex="0"
                      >
                        <span
                          class="bx--text-truncate--end"
                        >
                          <span
                            class=""
                          >
                            Roster
                          </span>
                        </span>
                      </a>
                    </li>
                    <li
                      class="bx--header__submenu"
                    >
                      <a
                        aria-expanded="false"
                        aria-haspopup="menu"
                        class="bx--header__menu-item bx--header__menu-title"
                        href="#"
                        tabindex="0"
                      >
                        Resources
                        <svg
                          aria-hidden="true"
                          class="bx--header__menu-arrow"
                          fill="currentColor"
                          focusable="false"
                          height="16"
                          preserveAspectRatio="xMidYMid meet"
                          viewBox="0 0 16 16"
                          width="16"
                          xmlns="http://www.w3.org/2000/svg"
                        >
                          <path
                            d="M8 11L3 6 3.7 5.3 8 9.6 12.3 5.3 13 6z"
                          />
                        </svg>
                      </a>
                      <ul
                        class="bx--header__menu"
                      >
                        <li>
                          <a
                            class="bx--header__menu-item"
                            href="/template"
                            tabindex="0"
                          >
                            <span
                              class="bx--text-truncate--end"
                            >
                              Data template
                            </span>
                          </a>
                        </li>
                        <li>
                          <a
                            class="bx--header__menu-item"
                            href="/data-requirements"
                            tabindex="0"
                          >
                            <span
                              class="bx--text-truncate--end"
                            >
                              Data requirements
                            </span>
                          </a>
                        </li>
                        <li>
                          <a
                            class="bx--header__menu-item"
                            href="/privacy"
                            tabindex="0"
                          >
                            <span
                              class="bx--text-truncate--end"
                            >
                              Privacy policy
                            </span>
                          </a>
                        </li>
                      </ul>
                    </li>
                    <li
                      class="bx--header__submenu"
                    >
                      <a
                        aria-expanded="false"
                        aria-haspopup="menu"
                        class="bx--header__menu-item bx--header__menu-title"
                        href="#"
                        tabindex="0"
                      >
                        Help
                        <svg
                          aria-hidden="true"
                          class="bx--header__menu-arrow"
                          fill="currentColor"
                          focusable="false"
                          height="16"
                          preserveAspectRatio="xMidYMid meet"
                          viewBox="0 0 16 16"
                          width="16"
                          xmlns="http://www.w3.org/2000/svg"
                        >
                          <path
                            d="M8 11L3 6 3.7 5.3 8 9.6 12.3 5.3 13 6z"
                          />
                        </svg>
                      </a>
                      <ul
                        class="bx--header__menu"
                      >
                        <li>
                          <a
                            class="bx--header__menu-item"
                            href="https://help.ece-reporter.ctoec.org/"
                            tabindex="0"
                            target="_blank"
                          >
                            <span
                              class="bx--text-truncate--end"
                            >
                              How-to guides
                            </span>
                          </a>
                        </li>
                        <li>
                          <a
                            class="bx--header__menu-item"
                            href="/support"
                            tabindex="0"
                          >
                            <span
                              class="bx--text-truncate--end"
                            >
                              Support requests
                            </span>
                          </a>
                        </li>
                      </ul>
                    </li>
                  </ul>
                </nav>
              </div>
            </div>
          </div>
        </nav>
      </header>
    </div>
    <main
      id="main-content"
    >
      <div
        class="oec-loading-wrapper"
      >
        <div
          aria-atomic="true"
          aria-labelledby="loading-id-1"
          aria-live="assertive"
          class="bx--loading"
        >
          <label
            class="bx--visually-hidden"
            id="loading-id-1"
          >
            Active loading indicator
          </label>
          <svg
            class="bx--loading__svg"
            viewBox="0 0 100 100"
          >
            <title>
              Active loading indicator
            </title>
            <circle
              class="bx--loading__stroke"
              cx="50%"
              cy="50%"
              r="44"
            />
          </svg>
        </div>
      </div>
    </main>
  </div>
</DocumentFragment>
`;
