// Jest Snapshot v1, https://goo.gl/fbAQLP

exports[`DataRequirements matches snapshot 1`] = `
<DocumentFragment>
  <div
    class="grid-container"
  >
    <button
      class="usa-button usa-button--unstyled margin-top-2 text-bold bx--btn bx--btn--primary"
      tabindex="0"
      type="button"
    >
      <span
        class="oec-text-with-icon"
      >
        <svg
          class="oec-text-with-icon__icon oec-text-with-icon__icon--direction-left oec-text-with-icon__icon--side-left"
        >
          arrowRight.svg
        </svg>
        Back
      </span>
    </button>
    <h1
      class="margin-bottom-0"
    >
      OEC's enrollment data requirements
    </h1>
    <p
      class="margin-top-05"
    >
      Last updated: 
      <span
        class="text-bold"
      />
    </p>
    <p>
      OEC has specific requirements for enrollment data. This page gives you all the details about what data is required and what’s optional.
    </p>
    <p>
      <span
        class="text-bold"
        id="enrollments-to-include"
      >
        Enrollments to include
      </span>
      <br />
      Children receiving funding through the following programs:
    </p>
    <ul>
      <li>
         Child Day Care
      </li>
      <li>
         Competitive School Readiness
      </li>
      <li>
         Priority School Readiness
      </li>
      <li>
         State Head Start
      </li>
      <li>
         Smart Start
      </li>
    </ul>
    <p>
      OEC asks that all users submit updated data at least monthly.
    </p>
    <h2
      class="border-top border-base-lighter padding-top-1"
      id="data-elements"
    >
      Data elements
    </h2>
    <div
      class="oec-loading-wrapper"
    >
      <div
        aria-atomic="true"
        aria-labelledby="loading-id-1"
        aria-live="assertive"
        class="bx--loading"
      >
        <label
          class="bx--visually-hidden"
          id="loading-id-1"
        >
          Active loading indicator
        </label>
        <svg
          class="bx--loading__svg"
          viewBox="0 0 100 100"
        >
          <title>
            Active loading indicator
          </title>
          <circle
            class="bx--loading__stroke"
            cx="50%"
            cy="50%"
            r="44"
          />
        </svg>
      </div>
    </div>
  </div>
</DocumentFragment>
`;
