// Jest Snapshot v1, https://goo.gl/fbAQLP

exports[`SubmitSuccess matches snapshot 1`] = `
<DocumentFragment>
  <div
    class="grid-container margin-top-4"
  >
    <div
      class="grid-row text-bold"
    >
      <a
        class="usa-button usa-button--unstyled"
        href="/roster"
      >
        <span
          class="oec-text-with-icon"
        >
          <svg
            class="oec-text-with-icon__icon oec-text-with-icon__icon--direction-left oec-text-with-icon__icon--side-left"
            fill="currentColor"
            stroke="currentColor"
            viewBox="0 0 448 512"
            xmlns="http://www.w3.org/2000/svg"
          >
            <path
              d="M190.5 66.9l22.2-22.2c9.4-9.4 24.6-9.4 33.9 0L441 239c9.4 9.4 9.4 24.6 0 33.9L246.6 467.3c-9.4 9.4-24.6 9.4-33.9 0l-22.2-22.2c-9.5-9.5-9.3-25 .4-34.3L311.4 296H24c-13.3 0-24-10.7-24-24v-32c0-13.3 10.7-24 24-24h287.4L190.9 101.2c-9.8-9.3-10-24.8-.4-34.3z"
            />
          </svg>
          Back to roster
        </span>
      </a>
    </div>
    <div
      class="tablet:grid-col-auto margin-top-2 margin-bottom-2"
    >
      <img
        alt=""
        src="logoWithCheck.svg"
      />
    </div>
    <div>
      <h1>
        You've submitted your data to OEC!
      </h1>
      <p
        class="margin-top-1 text-bold"
      >
        Date submitted: 06/22/2008
      </p>
    </div>
    <div
      class="grid-row"
    >
      <p>
        We'll let you know if any edits are required.
        <br />
        If you have any questions, reach out to
        <br />
         
        <a
          class="usa-button usa-button--unstyled"
          href="mailto:oec-data-pilot@skylight.digital?subject=Data%20collection%20bug"
          rel="noopener noreferrer"
          target="_blank"
        >
          oec-data-pilot@skylight.digital
        </a>
      </p>
    </div>
    <div
      class="grid-row margin-top-2"
    >
      <strong>
        Want a copy of your enrollment data?
      </strong>
    </div>
    <div
      class="grid-row margin-top-1 margin-bottom-2"
    >
      <button
        class="usa-button usa-button--unstyled text-bold display-block"
        type="button"
      >
        <span
          class="oec-text-with-icon text-underline"
        >
          <svg
            class="oec-text-with-icon__icon oec-text-with-icon__icon--direction-right oec-text-with-icon__icon--side-left"
            viewBox="0 0 384 512"
            xmlns="http://www.w3.org/2000/svg"
          >
            <path
              d="M224 136V0H24C10.7 0 0 10.7 0 24v464c0 13.3 10.7 24 24 24h336c13.3 0 24-10.7 24-24V160H248c-13.2 0-24-10.8-24-24zm76.45 211.36l-96.42 95.7c-6.65 6.61-17.39 6.61-24.04 0l-96.42-95.7C73.42 337.29 80.54 320 94.82 320H160v-80c0-8.84 7.16-16 16-16h32c8.84 0 16 7.16 16 16v80h65.18c14.28 0 21.4 17.29 11.27 27.36zM377 105L279.1 7c-4.5-4.5-10.6-7-17-7H256v128h128v-6.1c0-6.3-2.5-12.4-7-16.9z"
              fill="currentColor"
            />
          </svg>
          Export roster
        </span>
      </button>
    </div>
    <div
      class="grid-row marging-top-6"
    >
      <strong>
        Need to make changes?
      </strong>
    </div>
    <div
      class="grid-row margin-top-1"
    >
      <a
        class="usa-button"
        href="/upload"
      >
        Upload another file
      </a>
    </div>
  </div>
</DocumentFragment>
`;
