// Jest Snapshot v1, https://goo.gl/fbAQLP

exports[`SubmitSuccess matches snapshot 1`] = `
<DocumentFragment>
  <div
    class="grid-container margin-top-4"
  >
    <div
      class="grid-row text-bold"
    >
      <a
        class="usa-button usa-button--unstyled"
        href="/roster"
      >
        <span
          class="oec-text-with-icon"
        >
          Back to Roster
        </span>
      </a>
    </div>
    <div
      class="tablet:grid-col-auto margin-top-2 margin-bottom-2"
    >
      <img
        alt=""
        src="logoWithCheck.svg"
      />
    </div>
    <div>
      <h1>
        You've submitted your data to OEC!
      </h1>
      <p
        class="margin-top-1 text-bold"
      >
        Date submitted: 06/22/2008
      </p>
    </div>
    <div
      class="grid-row"
    >
      <p>
        We'll let you know if any edits are required.
        <br />
        If you have any questions, reach out to
        <br />
         
        <a
          class="usa-button usa-button--unstyled"
          href="mailto:oec-data-pilot@skylight.digital?subject=Data%20collection%20bug"
          rel="noopener noreferrer"
          target="_blank"
        >
          oec-data-pilot@skylight.digital
        </a>
      </p>
    </div>
    <div
      class="grid-row margin-top-2"
    >
      <strong>
        Want a copy of your enrollment data?
      </strong>
    </div>
    <div
      class="grid-row margin-top-1 margin-bottom-2"
    >
      <button
        class="usa-button usa-button--unstyled margin-bottom-3 display-block"
        type="button"
      >
        <span
          class="oec-text-with-icon text-underline"
        >
          Export roster
        </span>
      </button>
    </div>
    <div
      class="grid-row marging-top-6"
    >
      <strong>
        Need to make changes?
      </strong>
    </div>
    <div
      class="grid-row margin-top-1"
    >
      <a
        class="usa-button"
        href="/upload"
      >
        Upload another file
      </a>
    </div>
  </div>
</DocumentFragment>
`;
