// Jest Snapshot v1, https://goo.gl/fbAQLP

exports[`EditRecord matches snapshot 1`] = `
<DocumentFragment>
  <div
    class="margin-top-4 grid-container"
  >
    <button
      class="usa-button usa-button--unstyled margin-bottom-2 text-bold"
      type="button"
    >
      <span
        class="oec-text-with-icon"
      >
        <svg
          class="oec-text-with-icon__icon oec-text-with-icon__icon--direction-left oec-text-with-icon__icon--side-left"
        >
          arrowRight.svg
        </svg>
        Back
      </span>
    </button>
    <div
      class="display-flex flex-justify"
    >
      <div>
        <h1
          class="margin-top-0"
        >
          <span
            class="h2 h2--lighter"
          >
            Edit record 
          </span>
          First Last
        </h1>
      </div>
      <div
        class="display-flex flex-col flex-align-center"
      >
        <button
          class="usa-button usa-button--unstyled margin-right-0"
          type="button"
        >
          Delete record
        </button>
      </div>
    </div>
    <div
      class="oec-tab-nav"
    >
      <div
        class="oec-tab-nav--header"
      >
        <nav>
          <ul>
            <li>
              <button
                class="oec-tab-nav--tab"
                type="button"
              >
                Child Identifiers
              </button>
            </li>
            <li>
              <button
                class="oec-tab-nav--tab oec-tab-nav--tab__active"
                type="button"
              >
                Child Info
              </button>
            </li>
            <li>
              <button
                class="oec-tab-nav--tab"
                type="button"
              >
                Family Address
              </button>
            </li>
            <li>
              <button
                class="oec-tab-nav--tab"
                type="button"
              >
                Family Income
              </button>
            </li>
            <li>
              <button
                class="oec-tab-nav--tab"
                type="button"
              >
                Enrollment and funding
              </button>
            </li>
            <li>
              <button
                class="oec-tab-nav--tab"
                type="button"
              >
                Care 4 Kids
              </button>
            </li>
          </ul>
        </nav>
      </div>
      <div
        class="oec-tab-nav--content"
      >
        <form
          autocomplete="off"
          class="ChildInfoForm usa-form"
          novalidate=""
        >
          <h2>
            Child info
          </h2>
          <fieldset
            aria-describedby="race-fieldset-hint"
            class="grid-gap grid-row usa-fieldset"
            id="race-fieldset"
            id="dateOfBirth-picker"
          >
            <legend
              id="fieldset-legend-race-fieldset"
            >
              <span
                class="usa-label"
              >
                Race
              </span>
            </legend>
            <span
              class="usa-hint text-italic"
            >
              As identified by family
            </span>
            <div
              class="grid-gap margin-top-3 grid-row flex-align-start"
            >
              <span>
                <div
                  class="usa-checkbox"
                >
                  <input
                    class="usa-checkbox__input"
                    id="americanIndianOrAlaskaNative"
                    type="checkbox"
                    value=""
                  />
                  <label
                    class="usa-checkbox__label"
                    for="americanIndianOrAlaskaNative"
                  >
                    American Indian or Alaska Native
                  </label>
                </div>
              </span>
              <span>
                <div
                  class="usa-checkbox"
                >
                  <input
                    class="usa-checkbox__input"
                    id="asian"
                    type="checkbox"
                    value=""
                  />
                  <label
                    class="usa-checkbox__label"
                    for="asian"
                  >
                    Asian
                  </label>
                </div>
              </span>
              <span>
                <div
                  class="usa-checkbox"
                >
                  <input
                    class="usa-checkbox__input"
                    id="blackOrAfricanAmerican"
                    type="checkbox"
                    value=""
                  />
                  <label
                    class="usa-checkbox__label"
                    for="blackOrAfricanAmerican"
                  >
                    Black or African American
                  </label>
                </div>
              </span>
              <span>
                <div
                  class="usa-checkbox"
                >
                  <input
                    class="usa-checkbox__input"
                    id="nativeHawaiianOrPacificIslander"
                    type="checkbox"
                    value=""
                  />
                  <label
                    class="usa-checkbox__label"
                    for="nativeHawaiianOrPacificIslander"
                  >
                    Native Hawaiian or Pacific Islander
                  </label>
                </div>
              </span>
              <span>
                <div
                  class="usa-checkbox"
                >
                  <input
                    class="usa-checkbox__input"
                    id="white"
                    type="checkbox"
                    value=""
                  />
                  <label
                    class="usa-checkbox__label"
                    for="white"
                  >
                    White
                  </label>
                </div>
              </span>
            </div>
          </fieldset>
          <fieldset
            aria-describedby="ethnicity-radiogroup-fieldset-hint"
            class="grid-gap grid-row usa-fieldset"
            id="ethnicity-radiogroup-fieldset"
            class="grid-gap grid-row usa-fieldset display-inline-block"
            id="birth-certificate-fields"
          >
            <legend
              id="fieldset-legend-ethnicity-radiogroup-fieldset"
            >
              <span
                class="usa-label"
              >
                Ethnicity
              </span>
            </legend>
            <span
              class="usa-hint text-italic"
            >
              As identified by family
            </span>
            <div
              class="grid-gap margin-top-3 grid-row flex-align-start"
            >
              <span>
                <div
                  class="usa-radio"
                >
                  <input
                    class="usa-radio__input"
                    id="no"
                    name="ethnicity"
                    type="radio"
                    value="no"
                  />
                  <label
                    class="usa-radio__label"
                    for="no"
                  >
                    Not Hispanic or Latinx
                  </label>
                </div>
              </span>
              <span>
                <div
                  class="usa-radio"
                >
                  <input
                    class="usa-radio__input"
                    id="yes"
                    name="ethnicity"
                    type="radio"
                    value="yes"
                  />
                  <label
                    class="usa-radio__label"
                    for="yes"
                  >
                    Hispanic or Latinx
                  </label>
                </div>
              </span>
            </div>
          </fieldset>
          <div
            class="usa-form-group"
          >
            <label
              class="usa-label"
              for="gender-select"
            >
              <span
                class="text-bold"
              >
                Gender
              </span>
            </label>
            <select
              aria-required="true"
              class="usa-select"
              id="gender-select"
              name=""
            >
              <option
                value=""
              >
                - Select -
              </option>
              <option
                value="Female"
              >
                Female
              </option>
              <option
                value="Male"
              >
                Male
              </option>
              <option
                value="Nonbinary"
              >
                Nonbinary
              </option>
              <option
                value="Unknown"
              >
                Unknown
              </option>
            </select>
          </div>
          <p
            class="text-bold margin-top-3 margin-bottom-1"
          >
            Foster family
          </p>
          <div
            class="usa-checkbox"
          >
            <input
              class="usa-checkbox__input"
              id="foster"
              type="checkbox"
              value="foster"
            />
            <label
              class="usa-checkbox__label"
              for="foster"
            >
              Child lives with foster family
            </label>
          </div>
          <input
            class="usa-button"
            type="submit"
            value="Save"
          />
        </form>
      </div>
    </div>
  </div>
</DocumentFragment>
`;
