// Jest Snapshot v1, https://goo.gl/fbAQLP

exports[`EditRecord matches snapshot 1`] = `
<DocumentFragment>
  <div
    class="grid-container"
  >
    <button
      class="usa-button usa-button--unstyled margin-top-2 text-bold"
      type="button"
    >
      <span
        class="oec-text-with-icon"
      >
        <svg
          class="oec-text-with-icon__icon oec-text-with-icon__icon--direction-left oec-text-with-icon__icon--side-left"
        >
          arrowRight.svg
        </svg>
        Back
      </span>
    </button>
    <div
      class="usa-alert usa-alert--error grid-row"
      role="alert"
    >
      <div
        class="display-flex flex-fill"
      >
        <div
          class="usa-alert__body grid-col flex-fill"
        >
          <h2
            class="usa-alert__heading"
          >
            This record has missing or incorrect info
          </h2>
          <p
            class="usa-alert__text"
          >
            Add required info in enrollment and funding before submitting your data to OEC.
          </p>
        </div>
        <div
          class="usa-alert__body flex-auto display-flex flex-align-center"
        />
      </div>
    </div>
    <div
      class="display-flex flex-justify"
    >
      <div>
        <h1
          class="margin-top-0"
        >
          <span
            class="h2 h2--lighter"
          >
            Edit record 
          </span>
          First Last
        </h1>
      </div>
      <div
        class="display-flex flex-col flex-align-center"
      >
        <button
          class="usa-button usa-button--unstyled margin-right-0"
          type="button"
        >
          Delete record
        </button>
      </div>
    </div>
    <div
      class="grid-col"
    >
      <div
        class="oec-loading-wrapper"
      >
        <div
          aria-hidden="false"
          class=""
        >
          <div
            class="oec-tab-nav"
          >
            <div
              class="oec-tab-nav--header"
            >
              <div
                aria-orientation="horizontal"
                class="grid-row oec-tab-nav--tab-container"
                role="tablist"
              >
                <button
                  aria-selected="true"
                  class="oec-tab-nav--tab oec-tab-nav--tab__active"
                  id="identifiers"
                  role="tab"
                  title="Child identifiers"
                  type="button"
                >
                  <span>
                    Child identifiers
                  </span>
                </button>
                <button
                  aria-selected="false"
                  class="oec-tab-nav--tab"
                  id="demographics"
                  role="tab"
                  title="Child info"
                  type="button"
                >
                  <span>
                    Child info
                  </span>
                </button>
                <button
                  aria-selected="false"
                  class="oec-tab-nav--tab"
                  id="family"
                  role="tab"
                  title="Family address"
                  type="button"
                >
                  <span>
                    Family address
                  </span>
                </button>
                <button
                  aria-selected="false"
                  class="oec-tab-nav--tab"
                  id="income"
                  role="tab"
                  title="Family income"
                  type="button"
                >
                  <span>
                    Family income
                  </span>
                </button>
                <button
                  aria-selected="false"
                  class="oec-tab-nav--tab"
                  id="enrollment"
                  role="tab"
                  title="Enrollment and funding"
                  type="button"
                >
                  <span>
                    <span
                      class="oec-text-with-icon svg-gold-20v"
                    >
                      Enrollment and funding
                      <svg
                        class="oec-text-with-icon__icon oec-text-with-icon__icon--direction-right oec-text-with-icon__icon--side-right"
                      >
                        info.svg
                      </svg>
                    </span>
                  </span>
                </button>
                <div
                  class="oec-tab-nav--dropdown opacity-0"
                >
                  <button
                    aria-expanded="false"
                    aria-haspopup="false"
                    aria-hidden="true"
                    class="oec-tab-nav--tab"
                    disabled=""
                  >
                    +0 tabs
                  </button>
                </div>
              </div>
            </div>
            <div
              aria-labelledby="identifiers"
              class="oec-tab-nav--content"
              role="tabpanel"
            >
              <form
                autocomplete="off"
                class="usa-form ChildIdentifiersForm usa-form"
                novalidate=""
              >
                <h2>
                  Child's identifiers
                </h2>
                <div
                  class="mobile-lg:grid-col-9"
                >
                  <div
                    class=" usa-form-group"
                  >
                    <label
                      class="usa-label"
                      for="firstName"
                    >
                      First name 
                    </label>
                    <input
                      aria-required="true"
                      class="usa-input"
                      id="firstName"
                      type="text"
                      value="First"
                    />
                  </div>
                </div>
                <div
                  class="mobile-lg:grid-col-9"
                >
                  <div
                    class=" usa-form-group"
                  >
                    <label
                      class="usa-label"
                      for="middleName"
                    >
                      Middle name 
                      <span
                        class="usa-hint"
                      >
                         (optional)
                      </span>
                    </label>
                    <input
                      aria-required="false"
                      class="usa-input"
                      id="middleName"
                      type="text"
                      value=""
                    />
                  </div>
                </div>
                <div
                  class="display-flex flex-row flex-align-end grid-row grid-gap"
                >
                  <div
                    class="mobile-lg:grid-col-9"
                  >
                    <div
                      class=" usa-form-group"
                    >
                      <label
                        class="usa-label"
                        for="lastName"
                      >
                        Last name 
                      </label>
                      <input
                        aria-required="true"
                        class="usa-input"
                        id="lastName"
                        type="text"
                        value="Last"
                      />
                    </div>
                  </div>
                  <div
                    class="mobile-lg:grid-col-3"
                  >
                    <div
                      class=" usa-form-group"
                    >
                      <label
                        class="usa-label"
                        for="suffix"
                      >
                        Suffix 
                        <span
                          class="usa-hint"
                        >
                           (optional)
                        </span>
                      </label>
                      <input
                        aria-required="false"
                        class="usa-input"
                        id="suffix"
                        type="text"
                        value=""
                      />
                    </div>
                  </div>
                </div>
                <fieldset
                  aria-labelledby="fieldset-legend-dateOfBirth-picker dateOfBirth-picker-hint"
                  class="usa-fieldset"
                  id="dateOfBirth-picker"
                >
                  <legend
                    id="fieldset-legend-dateOfBirth-picker"
                  >
                    <span
                      class="usa-label"
                    >
                      Birthdate
                    </span>
                  </legend>
                  <span
                    class="usa-hint text-italic"
                    id="dateOfBirth-picker-hint"
                  >
                    For example: 6 21 2008
                  </span>
                  <div>
                    <div
                      class="flex-row flex-align-end usa-memorable-date"
                    >
                      <div
                        class="oec-date-input__input margin-right-1 margin-top-0 usa-form-group"
                      >
                        <label
                          class="usa-label"
                          for="dateOfBirth-picker-month"
                        >
                          Month 
                        </label>
                        <input
                          aria-required="true"
                          class="usa-input usa-input--inline"
                          id="dateOfBirth-picker-month"
                          max="12"
                          min="1"
                          type="number"
                          value=""
                        />
                      </div>
                      <div
                        class="oec-date-input__input margin-right-1 margin-top-0 usa-form-group"
                      >
                        <label
                          class="usa-label"
                          for="dateOfBirth-picker-day"
                        >
                          Day 
                        </label>
                        <input
                          aria-required="true"
                          class="usa-input usa-input--inline"
                          id="dateOfBirth-picker-day"
                          max="31"
                          min="1"
                          type="number"
                          value=""
                        />
                      </div>
                      <div
                        class="oec-date-input__input margin-right-1 margin-top-0 usa-form-group"
                      >
                        <label
                          class="usa-label"
                          for="dateOfBirth-picker-year"
                        >
                          Year 
                        </label>
                        <input
                          aria-required="true"
                          class="usa-input usa-input--inline"
                          id="dateOfBirth-picker-year"
                          max="2200"
                          min="1000"
                          type="number"
                          value=""
                        />
                      </div>
                    </div>
                  </div>
                </fieldset>
                <fieldset
                  aria-labelledby="fieldset-legend-birth-certificate-fields"
                  class="usa-fieldset"
                  id="birth-certificate-fields"
                >
                  <legend
                    id="fieldset-legend-birth-certificate-fields"
                  >
                    <span
                      class="usa-label"
                    >
                      Birth certificate
                    </span>
                  </legend>
                  <div>
                    <span>
                      <div
                        class="usa-radio"
                      >
                        <input
                          class="usa-radio__input"
                          id="US-birth-certificate"
                          name="birthCertificateType"
                          type="radio"
                          value="US birth certificate"
                        />
                        <label
                          class="usa-radio__label"
                          for="US-birth-certificate"
                        >
                          US birth certificate
                        </label>
                      </div>
                    </span>
                    <span>
                      <div
                        class="usa-radio"
                      >
                        <input
                          class="usa-radio__input"
                          id="Non-US-birth-certificate"
                          name="birthCertificateType"
                          type="radio"
                          value="Non-US birth certificate"
                        />
                        <label
                          class="usa-radio__label"
                          for="Non-US-birth-certificate"
                        >
                          Non-US birth certificate
                        </label>
                      </div>
                    </span>
                    <span>
                      <div
                        class="usa-radio"
                      >
                        <input
                          checked=""
                          class="usa-radio__input"
                          id="Unavailable"
                          name="birthCertificateType"
                          type="radio"
                          value="Unavailable"
                        />
                        <label
                          class="usa-radio__label"
                          for="Unavailable"
                        >
                          Unavailable
                        </label>
                      </div>
                    </span>
                  </div>
                </fieldset>
                <input
                  class="usa-button"
                  type="submit"
                  value="Save"
                />
              </form>
            </div>
          </div>
        </div>
        <div
          class="oec-loading-wrapper__indicator bg-white"
          hidden=""
        >
          <div
            class="MuiCircularProgress-root indeterminate MuiCircularProgress-colorPrimary MuiCircularProgress-indeterminate"
            role="progressbar"
            style="width: 40px; height: 40px;"
          >
            <svg
              class="MuiCircularProgress-svg"
              viewBox="22 22 44 44"
            >
              <circle
                class="MuiCircularProgress-circle MuiCircularProgress-circleIndeterminate"
                cx="44"
                cy="44"
                fill="none"
                r="20.2"
                stroke-width="3.6"
              />
            </svg>
          </div>
        </div>
      </div>
    </div>
  </div>
</DocumentFragment>
`;
