// Jest Snapshot v1, https://goo.gl/fbAQLP

exports[`BatchEdit EnrollmentFundingForm matches snapshot 1`] = `
<DocumentFragment>
  <div
    class="text-bold font-body-md"
  >
    Site: Site A 
  </div>
  <div
    class="text-bold font-body-md"
  >
    Enrollment dates: 09/3/2020
  </div>
  <form
    class="usa-form"
    id="batch-edit-enrollment-1"
  >
    <fieldset
      aria-invalid="true"
      aria-labelledby="fieldset-legend-site-radiogroup status-site"
      class="usa-fieldset usa-fieldset--error"
      id="site-radiogroup"
    >
      <legend
        id="fieldset-legend-site-radiogroup"
      >
        <span
          class="usa-label"
        >
          Site
        </span>
      </legend>
      <span
        class="usa-error-message"
        id="status-site"
        role="alert"
      >
         Site is required for OEC reporting.
      </span>
      <div />
    </fieldset>
    <fieldset
      aria-labelledby="fieldset-legend-funding-source-1 funding-source-1-hint"
      class="usa-fieldset"
      id="funding-source-1"
    >
      <legend
        id="fieldset-legend-funding-source-1"
      >
        <span
          class="usa-label"
        >
          Funding source options
        </span>
      </legend>
      <span
        class="usa-hint text-italic"
        id="funding-source-1-hint"
      >
        Choose an age group to see available funding types
      </span>
      <div />
    </fieldset>
    <button
      class="usa-button bx--btn bx--btn--primary"
      tabindex="0"
      type="submit"
    >
      Save
    </button>
  </form>
  <div
    class="text-bold font-body-md"
  >
    Site: Site B 
  </div>
  <div
    class="text-bold font-body-md"
  >
    Enrollment dates: 09/3/2019 - 08/1/2020
  </div>
  <form
    class="usa-form"
    id="batch-edit-enrollment-2"
  >
    <button
      class="usa-button bx--btn bx--btn--primary"
      tabindex="0"
      type="submit"
    >
      Save
    </button>
  </form>
  <div
    class="text-bold font-body-md"
  >
    Site: Site A 
  </div>
  <div
    class="text-bold font-body-md"
  >
    Enrollment dates: 09/3/2018 - 08/1/2019
  </div>
  <form
    class="usa-form"
    id="batch-edit-enrollment-3"
  >
    <fieldset
      aria-labelledby="fieldset-legend-funding-source-3 funding-source-3-hint"
      class="usa-fieldset"
      id="funding-source-3"
    >
      <legend
        id="fieldset-legend-funding-source-3"
      >
        <span
          class="usa-label"
        >
          Funding source options
        </span>
      </legend>
      <span
        class="usa-hint text-italic"
        id="funding-source-3-hint"
      >
        Choose an age group to see available funding types
      </span>
      <div />
    </fieldset>
    <button
      class="usa-button bx--btn bx--btn--primary"
      tabindex="0"
      type="submit"
    >
      Save
    </button>
  </form>
</DocumentFragment>
`;
