// Jest Snapshot v1, https://goo.gl/fbAQLP

exports[`EditRecord WithdrawRecord matches snapshot 1`] = `
<div
  aria-modal="true"
  class="ReactModal__Content ReactModal__Content--after-open"
  role="dialog"
  style="position: absolute; top: 50%; left: 50%; right: 40px; border: 1px solid #ccc; background: rgb(255, 255, 255); overflow: auto; border-radius: 4px; outline: none; padding: 20px; transform: translate(-50%, -50%); max-height: 100%; overflow-y: scroll;"
  tabindex="-1"
>
  <div
    class="grid-row display-flex flex-justify flex-align-center"
  >
    <h2
      class="margin-bottom-0"
    >
      Withdraw 
      Name
    </h2>
    <div
      class="oec-modal-close"
    >
      <button
        class="usa-button usa-button--unstyled bx--btn bx--btn--primary"
        tabindex="0"
        type="button"
      >
        <div
          class="display-flex flex-column flex-align-center"
        >
          <svg
            class="height-3 text-base-darker"
            data-icon="times"
            data-prefix="fas"
            fill="currentColor"
            viewBox="0 0 352 512"
            xmlns="http://www.w3.org/2000/svg"
          >
            <path
              d="M242.72 256l100.07-100.07c12.28-12.28 12.28-32.19 0-44.48l-22.24-22.24c-12.28-12.28-32.19-12.28-44.48 0L176 189.28 75.93 89.21c-12.28-12.28-32.19-12.28-44.48 0L9.21 111.45c-12.28 12.28-12.28 32.19 0 44.48L109.28 256 9.21 356.07c-12.28 12.28-12.28 32.19 0 44.48l22.24 22.24c12.28 12.28 32.2 12.28 44.48 0L176 322.72l100.07 100.07c12.28 12.28 32.2 12.28 44.48 0l22.24-22.24c12.28-12.28 12.28-32.19 0-44.48L242.72 256z"
            />
          </svg>
          <p
            class="margin-y-05"
          >
            close
          </p>
        </div>
      </button>
    </div>
  </div>
  <div
    class=""
  >
    <div
      class="grid-row"
    >
      <div
        class="grid-col"
      >
        <p>
          Name
        </p>
        <p>
          Age: 
        </p>
        <p>
          Enrollment date: 
        </p>
      </div>
      <div
        class="grid-col"
      />
    </div>
    <form
      class="usa-form usa-form"
    >
      <fieldset
        aria-labelledby="fieldset-legend-end-date end-date-hint"
        class="usa-fieldset"
        id="end-date"
      >
        <legend
          id="fieldset-legend-end-date"
        >
          <span
            class="usa-label"
          >
            Enrollment end date
          </span>
        </legend>
        <span
          class="usa-hint text-italic"
          id="end-date-hint"
        >
          For example: 06/21/2008
        </span>
        <div>
          <div
            class="bx--form-item"
          >
            <div
              class="bx--date-picker bx--date-picker--single"
              id="end-date-picker"
            >
              <div
                class="bx--date-picker-container"
              >
                <label
                  class="bx--label bx--visually-hidden"
                  for="end-date-input"
                >
                  Date picker
                </label>
                <div
                  class="bx--date-picker-input__wrapper"
                >
                  <input
                    class="bx--date-picker__input flatpickr-input"
                    id="end-date-input"
                    pattern="\\\\d{1,2}\\\\/\\\\d{1,2}\\\\/\\\\d{4}"
                    placeholder="mm/dd/yyyy"
                    type="text"
                    value=""
                  />
                  <svg
                    aria-hidden="true"
                    class="bx--date-picker__icon"
                    fill="currentColor"
                    focusable="false"
                    height="16"
                    preserveAspectRatio="xMidYMid meet"
                    role="img"
                    viewBox="0 0 32 32"
                    width="16"
                    xmlns="http://www.w3.org/2000/svg"
                  >
                    <path
                      d="M26,4h-4V2h-2v2h-8V2h-2v2H6C4.9,4,4,4.9,4,6v20c0,1.1,0.9,2,2,2h20c1.1,0,2-0.9,2-2V6C28,4.9,27.1,4,26,4z M26,26H6V12h20	V26z M26,10H6V6h4v2h2V6h8v2h2V6h4V10z"
                    />
                  </svg>
                </div>
              </div>
            </div>
          </div>
        </div>
      </fieldset>
      <div
        class="usa-form-group"
      >
        <label
          class="usa-label"
          for="exit-reason"
        >
          <span
            class="text-bold"
          >
            Exit reason
          </span>
        </label>
        <select
          aria-required="true"
          class="usa-select"
          id="exit-reason"
          name=""
        >
          <option
            value=""
          >
            - Select -
          </option>
          <option
            value="Aged out"
          >
            Aged out
          </option>
          <option
            value="Moved within program"
          >
            Moved within program
          </option>
          <option
            value="Stopped attending"
          >
            Stopped attending
          </option>
          <option
            value="Chose to attend a different program"
          >
            Chose to attend a different program
          </option>
          <option
            value=" Moved within Connecticut"
          >
             Moved within Connecticut
          </option>
          <option
            value="Moved to another state"
          >
            Moved to another state
          </option>
          <option
            value="Withdrew due to lack of payment"
          >
            Withdrew due to lack of payment
          </option>
          <option
            value="Child was asked to leave"
          >
            Child was asked to leave
          </option>
          <option
            value="Unknown"
          >
            Unknown
          </option>
        </select>
      </div>
      <button
        class="usa-button usa-button--outline bx--btn bx--btn--primary"
        tabindex="0"
        type="button"
      >
        Cancel
      </button>
      <button
        class="usa-button bx--btn bx--btn--primary"
        tabindex="0"
        type="submit"
      >
        Withdraw
      </button>
    </form>
  </div>
</div>
`;
