// Jest Snapshot v1, https://goo.gl/fbAQLP

exports[`GettingStarted matches snapshot 1`] = `
<DocumentFragment>
  <div
    class="grid-container margin-top-4"
  >
    <div
      class="grid-row grid-gap"
    >
      <div
        class="grid-col-8"
      >
        <h1>
          Let's get started
        </h1>
        <p>
          This tool will allow you to share your state-funded enrollment data with OEC.
        </p>
        <h2>
          Here's what to include
        </h2>
        <h3>
          Enrollments in spaces funded by
        </h3>
        <ul>
          <li>
            Child Day Care (CDC)
          </li>
          <li>
            Priority or Competitive School Readiness (PSR and CSR)
          </li>
          <li>
            Smart Start (SS)
          </li>
          <li>
            State Head Start (SHS)
          </li>
        </ul>
        <div
          class="usa-alert usa-alert--info grid-row"
        >
          <div
            class="display-flex flex-fill"
          >
            <div
              class="usa-alert__body grid-col flex-fill"
            >
              <h2
                class="usa-alert__heading"
              >
                Learn more about required data
              </h2>
              <p
                class="usa-alert__text"
              >
                <span>
                  See all required data fields, definitions and rationale in 
                  <a
                    class="usa-button usa-button--unstyled"
                    href="/data-requirements"
                  >
                    OEC's enrollment data requirements
                  </a>
                </span>
              </p>
            </div>
            <div
              class="usa-alert__body flex-auto display-flex flex-align-center"
            />
          </div>
        </div>
        <h3>
          Reporting period
        </h3>
        <p>
          Data is due on March 31, 2020 and must include data from July 1, 2020 to at least Jan 1, 2021.
        </p>
        <div>
          <h2>
            Download the latest batch upload template
          </h2>
          <button
            class="usa-button usa-button--unstyled text-bold margin-bottom-3 display-block"
            type="button"
          >
            <span
              class="oec-text-with-icon text-underline"
            >
              Download Excel template
            </span>
          </button>
          <button
            class="usa-button usa-button--unstyled text-bold margin-bottom-3 display-block"
            type="button"
          >
            <span
              class="oec-text-with-icon text-underline"
            >
              Download CSV template
            </span>
          </button>
        </div>
        <div
          class="display-block"
        >
          <p>
            You can see a completed example template here:
          </p>
          <button
            class="usa-button usa-button--unstyled text-bold margin-bottom-3 display-block"
            type="button"
          >
            <span
              class="oec-text-with-icon text-underline"
            >
              Download Excel sample data
            </span>
          </button>
          <button
            class="usa-button usa-button--unstyled text-bold margin-bottom-3 display-block"
            type="button"
          >
            <span
              class="oec-text-with-icon text-underline"
            >
              Download CSV sample data
            </span>
          </button>
           
        </div>
      </div>
      <div
        class="grid-col-4"
        role="presentation"
      >
        <svg>
          PersonWithSpreadsheet.svg
        </svg>
      </div>
    </div>
    <div
      class="grid-row margin-top-2"
    >
      <a
        class="usa-button"
        href="/upload"
      >
        Go to file upload
      </a>
      <a
        class="usa-button"
        href="/roster"
      >
        Go to roster
      </a>
    </div>
  </div>
</DocumentFragment>
`;
