// Jest Snapshot v1, https://goo.gl/fbAQLP

exports[`Upload matches snapshot 1`] = `
<DocumentFragment>
  <div
    class="grid-container margin-top-4"
  >
    <div
      class="margin-bottom-2 text-bold"
    >
      <a
        href="/"
      >
        <span
          class="oec-text-with-icon"
        >
          <svg
            class="oec-text-with-icon__icon oec-text-with-icon__icon--direction-left oec-text-with-icon__icon--side-left"
          >
            arrowRight.svg
          </svg>
          Back
        </span>
      </a>
    </div>
    <div
      class="grid-row"
    >
      <h1>
        Upload your enrollment data
      </h1>
      <p>
        After you've entered all state funded enrollment data in the spreadsheet template, upload the file here.
      </p>
    </div>
    <div
      class="grid-row"
    >
      <form
        class="usa-form"
      >
        <label
          for="report"
        >
          Upload enrollment data
        </label>
        <input
          class="usa-file-input"
          id="report"
          type="file"
        />
      </form>
    </div>
  </div>
</DocumentFragment>
`;
