// Jest Snapshot v1, https://goo.gl/fbAQLP

exports[`Roster matches snapshot 1`] = `
<DocumentFragment>
  <div
    class="Roster grid-container"
  >
    <h1
      class="margin-bottom-0"
    >
      Organization
    </h1>
    <p
      class="font-body-xl margin-top-1"
    >
      3 children enrolled at 1 sites
    </p>
    <div
      class="display-flex flex-col flex-align center flex-justify-start margin-top-2 margin-bottom-4"
    >
      <div
        class="oec-drop-button"
        id="select-organization"
      >
        <button
          class="usa-button"
          type="button"
        >
          <span>
            <span
              class="oec-text-with-icon"
            >
              Add a record
            </span>
            <span>
               
            </span>
          </span>
        </button>
      </div>
      <span
        class="margin-right-1"
      />
      <button
        class="usa-button usa-button--unstyled text-bold margin-bottom-3 display-block"
        type="button"
      >
        <span
          class="oec-text-with-icon text-underline"
        >
          Export roster
        </span>
      </button>
    </div>
    <div
      aria-multiselectable="true"
      class="oec-accordion"
    >
      <div
        class="oec-accordion__heading"
      >
        <button
          aria-controls="Infant/toddler"
          aria-expanded="true"
          class="oec-accordion__button"
        >
          <div
            class="display-flex flex-justify flex-col flex-align-center padding-top-3 padding-bottom-3"
          >
            <div>
              <h2
                class="oec-accordion__heading-title"
              >
                Infant/toddler 
                <span
                  class="text-normal"
                >
                  2 children 
                </span>
              </h2>
              <div
                class="display-flex"
              >
                <div
                  class="margin-top-2 margin-right-2 font-body-sm text-base-darker"
                >
                  CDC - Child Day Care  — 1/3
                </div>
                <div
                  class="margin-top-2 margin-right-2 font-body-sm text-base-darker"
                >
                  PSR - Priority School Readiness  — 1/5
                </div>
              </div>
            </div>
            <div
              class="oec-accordion__heading-expand"
            >
              Hide Infant/toddler roster
            </div>
          </div>
        </button>
      </div>
      <div
        aria-hidden="false"
        class="oec-accordion__content"
        id="Infant/toddler"
      >
        <table
          class="oec-table margin-bottom-4"
          id="roster-table-Infant/toddler"
        >
          <thead>
            <tr>
              <th
                aria-sort="ascending"
                class="oec-table__column-header oec-sortable oec-sorted text-pre text-center font-body-2xs"
                role="columnheader"
                scope="col"
                style="width: 20%;"
              >
                <button
                  aria-label="Sort table by Name in descending order"
                  class="oec-table__column-title usa-button--unstyled width-full"
                >
                  Name
                  <div
                    class="oec-table__sort-controls oec-table__sort-controls--ascending"
                  />
                </button>
              </th>
              <th
                aria-sort="ascending"
                class="oec-table__column-header oec-sortable oec-unsorted text-pre text-center font-body-2xs"
                role="columnheader"
                scope="col"
                style="width: 10%;"
              >
                <button
                  aria-label="Sort table by Birth Date in ascending order"
                  class="oec-table__column-title usa-button--unstyled width-full"
                >
                  Birth Date
                  <div
                    class="oec-table__sort-controls"
                  />
                </button>
              </th>
              <th
                aria-sort="ascending"
                class="oec-table__column-header oec-sortable oec-unsorted text-pre text-center font-body-2xs"
                role="columnheader"
                scope="col"
                style="width: 10%;"
              >
                <button
                  aria-label="Sort table by Funding type in ascending order"
                  class="oec-table__column-title usa-button--unstyled width-full"
                >
                  Funding type
                  <div
                    class="oec-table__sort-controls"
                  />
                </button>
              </th>
              <th
                aria-sort="ascending"
                class="oec-table__column-header oec-sortable oec-unsorted text-pre text-center font-body-2xs"
                role="columnheader"
                scope="col"
                style="width: 10%;"
              >
                <button
                  aria-label="Sort table by Contract space in ascending order"
                  class="oec-table__column-title usa-button--unstyled width-full"
                >
                  Contract space
                  <div
                    class="oec-table__sort-controls"
                  />
                </button>
              </th>
              <th
                aria-sort="ascending"
                class="oec-table__column-header oec-sortable oec-unsorted text-pre text-center font-body-2xs"
                role="columnheader"
                scope="col"
                style="width: 20%;"
              >
                <button
                  aria-label="Sort table by Organization in ascending order"
                  class="oec-table__column-title usa-button--unstyled width-full"
                >
                  Organization
                  <div
                    class="oec-table__sort-controls"
                  />
                </button>
              </th>
              <th
                aria-sort="ascending"
                class="oec-table__column-header oec-sortable oec-unsorted text-pre text-center font-body-2xs"
                role="columnheader"
                scope="col"
                style="width: 20%;"
              >
                <button
                  aria-label="Sort table by Site in ascending order"
                  class="oec-table__column-title usa-button--unstyled width-full"
                >
                  Site
                  <div
                    class="oec-table__sort-controls"
                  />
                </button>
              </th>
              <th
                aria-sort="ascending"
                class="oec-table__column-header oec-sortable oec-unsorted text-pre text-center font-body-2xs"
                role="columnheader"
                scope="col"
                style="width: 10%;"
              >
                <button
                  aria-label="Sort table by Enrollment date in ascending order"
                  class="oec-table__column-title usa-button--unstyled width-full"
                >
                  Enrollment date
                  <div
                    class="oec-table__sort-controls"
                  />
                </button>
              </th>
            </tr>
          </thead>
          <tbody>
            <tr>
              <th
                class="font-body-2xs"
                scope="row"
              >
                <a
                  class="usa-button usa-button--unstyled font-body-2xs text-no-wrap"
                  href="/edit-record/0000000-0000-0000-0000-0000000000000"
                >
                  Toddler, First 
                </a>
              </th>
              <td
                class="font-body-2xs"
              >
                06/01/2019
              </td>
              <td
                class="font-body-2xs"
              >
                CDC - Child Day Care
              </td>
              <td
                class="font-body-2xs"
              />
              <td
                class="font-body-2xs ellipsis-wrap-text ellipsis-wrap-text--tight"
              />
              <td
                class="font-body-2xs ellipsis-wrap-text ellipsis-wrap-text--tight"
              >
                Site
              </td>
              <td
                class="font-body-2xs"
              />
            </tr>
            <tr>
              <th
                class="font-body-2xs"
                scope="row"
              >
                <a
                  class="usa-button usa-button--unstyled font-body-2xs text-no-wrap"
                  href="/edit-record/11111111-0000-0000-0000-0000000000000"
                >
                  Toddler, Second 
                </a>
              </th>
              <td
                class="font-body-2xs"
              >
                11/01/2018
              </td>
              <td
                class="font-body-2xs"
              >
                PSR - Priority School Readiness
              </td>
              <td
                class="font-body-2xs"
              />
              <td
                class="font-body-2xs ellipsis-wrap-text ellipsis-wrap-text--tight"
              />
              <td
                class="font-body-2xs ellipsis-wrap-text ellipsis-wrap-text--tight"
              >
                Site
              </td>
              <td
                class="font-body-2xs"
              />
            </tr>
          </tbody>
        </table>
      </div>
      <div
        class="oec-accordion__heading"
      >
        <button
          aria-controls="Preschool"
          aria-expanded="true"
          class="oec-accordion__button"
        >
          <div
            class="display-flex flex-justify flex-col flex-align-center padding-top-3 padding-bottom-3"
          >
            <div>
              <h2
                class="oec-accordion__heading-title"
              >
                Preschool 
                <span
                  class="text-normal"
                >
                  1 child 
                </span>
              </h2>
              <div
                class="display-flex"
              >
                <div
                  class="margin-top-2 margin-right-2 font-body-sm text-base-darker"
                >
                  CDC - Child Day Care  — 1/10
                </div>
              </div>
            </div>
            <div
              class="oec-accordion__heading-expand"
            >
              Hide Preschool roster
            </div>
          </div>
        </button>
      </div>
      <div
        aria-hidden="false"
        class="oec-accordion__content"
        id="Preschool"
      >
        <table
          class="oec-table margin-bottom-4"
          id="roster-table-Preschool"
        >
          <thead>
            <tr>
              <th
                aria-sort="ascending"
                class="oec-table__column-header oec-sortable oec-sorted text-pre text-center font-body-2xs"
                role="columnheader"
                scope="col"
                style="width: 20%;"
              >
                <button
                  aria-label="Sort table by Name in descending order"
                  class="oec-table__column-title usa-button--unstyled width-full"
                >
                  Name
                  <div
                    class="oec-table__sort-controls oec-table__sort-controls--ascending"
                  />
                </button>
              </th>
              <th
                aria-sort="ascending"
                class="oec-table__column-header oec-sortable oec-unsorted text-pre text-center font-body-2xs"
                role="columnheader"
                scope="col"
                style="width: 10%;"
              >
                <button
                  aria-label="Sort table by Birth Date in ascending order"
                  class="oec-table__column-title usa-button--unstyled width-full"
                >
                  Birth Date
                  <div
                    class="oec-table__sort-controls"
                  />
                </button>
              </th>
              <th
                aria-sort="ascending"
                class="oec-table__column-header oec-sortable oec-unsorted text-pre text-center font-body-2xs"
                role="columnheader"
                scope="col"
                style="width: 10%;"
              >
                <button
                  aria-label="Sort table by Funding type in ascending order"
                  class="oec-table__column-title usa-button--unstyled width-full"
                >
                  Funding type
                  <div
                    class="oec-table__sort-controls"
                  />
                </button>
              </th>
              <th
                aria-sort="ascending"
                class="oec-table__column-header oec-sortable oec-unsorted text-pre text-center font-body-2xs"
                role="columnheader"
                scope="col"
                style="width: 10%;"
              >
                <button
                  aria-label="Sort table by Contract space in ascending order"
                  class="oec-table__column-title usa-button--unstyled width-full"
                >
                  Contract space
                  <div
                    class="oec-table__sort-controls"
                  />
                </button>
              </th>
              <th
                aria-sort="ascending"
                class="oec-table__column-header oec-sortable oec-unsorted text-pre text-center font-body-2xs"
                role="columnheader"
                scope="col"
                style="width: 20%;"
              >
                <button
                  aria-label="Sort table by Organization in ascending order"
                  class="oec-table__column-title usa-button--unstyled width-full"
                >
                  Organization
                  <div
                    class="oec-table__sort-controls"
                  />
                </button>
              </th>
              <th
                aria-sort="ascending"
                class="oec-table__column-header oec-sortable oec-unsorted text-pre text-center font-body-2xs"
                role="columnheader"
                scope="col"
                style="width: 20%;"
              >
                <button
                  aria-label="Sort table by Site in ascending order"
                  class="oec-table__column-title usa-button--unstyled width-full"
                >
                  Site
                  <div
                    class="oec-table__sort-controls"
                  />
                </button>
              </th>
              <th
                aria-sort="ascending"
                class="oec-table__column-header oec-sortable oec-unsorted text-pre text-center font-body-2xs"
                role="columnheader"
                scope="col"
                style="width: 10%;"
              >
                <button
                  aria-label="Sort table by Enrollment date in ascending order"
                  class="oec-table__column-title usa-button--unstyled width-full"
                >
                  Enrollment date
                  <div
                    class="oec-table__sort-controls"
                  />
                </button>
              </th>
            </tr>
          </thead>
          <tbody>
            <tr>
              <th
                class="font-body-2xs"
                scope="row"
              >
                <a
                  class="usa-button usa-button--unstyled font-body-2xs text-no-wrap"
                  href="/edit-record/22222222-0000-0000-0000-0000000000000"
                >
                  Preschool, First 
                </a>
              </th>
              <td
                class="font-body-2xs"
              >
                01/01/2016
              </td>
              <td
                class="font-body-2xs"
              >
                CDC - Child Day Care
              </td>
              <td
                class="font-body-2xs"
              />
              <td
                class="font-body-2xs ellipsis-wrap-text ellipsis-wrap-text--tight"
              />
              <td
                class="font-body-2xs ellipsis-wrap-text ellipsis-wrap-text--tight"
              >
                Site
              </td>
              <td
                class="font-body-2xs"
              />
            </tr>
          </tbody>
        </table>
      </div>
    </div>
  </div>
  <div
    class="fixed-bottom-bar"
  >
    <div
      class="shadow-box"
    >
      <div
        class="grid-container"
      >
        <a
          class="usa-button usa-button--outline"
          href="/getting-started"
        >
          Back to getting started
        </a>
        <a
          class="usa-button"
          href="/success"
        >
          Send to OEC
        </a>
      </div>
    </div>
  </div>
</DocumentFragment>
`;
